level=error msg="gitcall_pimp.config.api.auth: Must have at least 1 properties"
