# Source: gitcall_pimp_release/charts/gitcall_pimp/templates/access.yaml
apiVersion: rbac.authorization.k8s.io/v1
kind: ClusterRole
metadata:
  name: "a_cluster_name"
  labels:
    release: "RELEASE-NAME"
    app: "gitcall"
    tier: "pimp"
rules:
- apiGroups: [""]
  resources: ["namespaces"]
  verbs: ["get", "list", "create", "delete", "update"]
- apiGroups: [""]
  resources: ["pods"]
  verbs: ["get", "list", "create", "delete", "update"]
- apiGroups: ["extensions", "apps"]
  resources: ["deployments"]
  verbs: ["get", "list", "create", "delete", "update"]
- apiGroups: [""]
  resources: ["services"]
  verbs: ["get", "create", "delete", "update"]
- apiGroups: ["autoscaling"]
  resources: ["horizontalpodautoscalers"]
  verbs: ["get", "create", "delete", "update"]
- apiGroups: [""]
  resources: ["configmaps"]
  verbs: ["get", "list", "create", "delete", "update", "patch"]
- apiGroups: [""]
  resources: ["secrets"]
  verbs: ["get", "list", "create", "delete", "update"]
---
# Source: gitcall_pimp_release/charts/gitcall_pimp/templates/access.yaml
