# Source: gitcall_pimp_release/charts/gitcall_pimp/templates/serviceaccount.yaml
apiVersion: v1
kind: ServiceAccount
metadata:
  name: RELEASE-NAME-gitcall-pimp-service-account
  labels:
    release: "RELEASE-NAME"
    app: "gitcall"
    tier: "pimp"
---
# Source: gitcall_pimp_release/charts/gitcall_pimp/templates/configmap.yaml
