level=info msg="Loading release from current dir"
level=info msg="Validating release schema"
level=info msg="Validating gitcall_pimp: main.json schema"
level=info msg="Validating gitcall_pimp: helm.json schema"
level=info msg="Validate helm charts"
level=info msg="Release valid"
